core   0: 0x00100080 (0x0800006f) j       pc + 0x80
core   0: 3 0x00100080 (0x0800006f)
core   0: 0x00100100 (0xf14022f3) csrr    t0, mhartid
core   0: 3 0x00100100 (0xf14022f3) x5  0x00000000
core   0: 0x00100104 (0x00004301) c.li    t1, 0
core   0: 3 0x00100104 (0x4301) x6  0x00000000
core   0: 0x00100106 (0x00628263) beq     t0, t1, pc + 4
core   0: 3 0x00100106 (0x00628263)
core   0: 0x0010010a (0x00000717) auipc   a4, 0x0
core   0: 3 0x0010010a (0x00000717) x14 0x0010010a
core   0: 0x0010010e (0x00c70713) addi    a4, a4, 12
core   0: 3 0x0010010e (0x00c70713) x14 0x00100116
core   0: 0x00100112 (0x00070067) jr      a4
core   0: 3 0x00100112 (0x00070067)
core   0: 0x00100116 (0x40001db7) lui     s11, 0x40001
core   0: 3 0x00100116 (0x40001db7) x27 0x40001000
core   0: 0x0010011a (0x104d8d93) addi    s11, s11, 260
core   0: 3 0x0010011a (0x104d8d93) x27 0x40001104
core   0: 0x0010011e (0x301d9073) csrw    misa, s11
core   0: 3 0x0010011e (0x301d9073) c769_misa 0x40101104
core   0: 0x00100122 (0x0000cf97) auipc   t6, 0xc
core   0: 3 0x00100122 (0x0000cf97) x31 0x0010c122
core   0: 0x00100126 (0xb62f8f93) addi    t6, t6, -1182
core   0: 3 0x00100126 (0xb62f8f93) x31 0x0010bc84
core   0: 0x0010012a (0x00001d97) auipc   s11, 0x1
core   0: 3 0x0010012a (0x00001d97) x27 0x0010112a
core   0: 0x0010012e (0xdd6d8d93) addi    s11, s11, -554
core   0: 3 0x0010012e (0xdd6d8d93) x27 0x00100f00
core   0: 0x00100132 (0x001ded93) ori     s11, s11, 1
core   0: 3 0x00100132 (0x001ded93) x27 0x00100f01
core   0: 0x00100136 (0x305d9073) csrw    mtvec, s11
core   0: 3 0x00100136 (0x305d9073) c773_mtvec 0x00100f01
core   0: 0x0010013a (0x00000d97) auipc   s11, 0x0
core   0: 3 0x0010013a (0x00000d97) x27 0x0010013a
core   0: 0x0010013e (0x024d8d93) addi    s11, s11, 36
core   0: 3 0x0010013e (0x024d8d93) x27 0x0010015e
core   0: 0x00100142 (0x341d9073) csrw    mepc, s11
core   0: 3 0x00100142 (0x341d9073) c833_mepc 0x0010015e
core   0: 0x00100146 (0x00006d89) c.lui   s11, 0x2
core   0: 3 0x00100146 (0x6d89) x27 0x00002000
core   0: 0x00100148 (0xebad8d93) addi    s11, s11, -326
core   0: 3 0x00100148 (0xebad8d93) x27 0x00001eba
core   0: 0x0010014c (0x300d9073) csrw    mstatus, s11
core   0: 3 0x0010014c (0x300d9073) c768_mstatus 0x00001888
core   0: 0x00100150 (0x00006d85) c.lui   s11, 0x1
core   0: 3 0x00100150 (0x6d85) x27 0x00001000
core   0: 0x00100152 (0xb0bd8d93) addi    s11, s11, -1269
core   0: 3 0x00100152 (0xb0bd8d93) x27 0x00000b0b
core   0: 0x00100156 (0x304d9073) csrw    mie, s11
core   0: 3 0x00100156 (0x304d9073) c772_mie 0x00000808
core   0: 0x0010015a (0x30200073) mret
core   0: 3 0x0010015a (0x30200073) c768_mstatus 0x00000088
core   0: 0x0010015e (0x80000037) lui     zero, 0x80000
core   0: 3 0x0010015e (0x80000037)
core   0: 0x00100162 (0x00000001) c.nop
core   0: 3 0x00100162 (0x0001)
core   0: 0x00100164 (0x0000409d) c.li    ra, 7
core   0: 3 0x00100164 (0x409d) x1  0x00000007
core   0: 0x00100166 (0x00004101) c.li    sp, 0
core   0: 3 0x00100166 (0x4101) x2  0x00000000
core   0: 0x00100168 (0x800001b7) lui     gp, 0x80000
core   0: 3 0x00100168 (0x800001b7) x3  0x80000000
core   0: 0x0010016c (0xadb1f237) lui     tp, 0xadb1f
core   0: 3 0x0010016c (0xadb1f237) x4  0xadb1f000
core   0: 0x00100170 (0x85e20213) addi    tp, tp, -1954
core   0: 3 0x00100170 (0x85e20213) x4  0xadb1e85e
core   0: 0x00100174 (0x800002b7) lui     t0, 0x80000
core   0: 3 0x00100174 (0x800002b7) x5  0x80000000
core   0: 0x00100178 (0x00004301) c.li    t1, 0
core   0: 3 0x00100178 (0x4301) x6  0x00000000
core   0: 0x0010017a (0x00004395) c.li    t2, 5
core   0: 3 0x0010017a (0x4395) x7  0x00000005
core   0: 0x0010017c (0xfa1f5437) lui     s0, 0xfa1f5
core   0: 3 0x0010017c (0xfa1f5437) x8  0xfa1f5000
core   0: 0x00100180 (0xa0b40413) addi    s0, s0, -1525
core   0: 3 0x00100180 (0xa0b40413) x8  0xfa1f4a0b
core   0: 0x00100184 (0x800004b7) lui     s1, 0x80000
core   0: 3 0x00100184 (0x800004b7) x9  0x80000000
core   0: 0x00100188 (0x00004501) c.li    a0, 0
core   0: 3 0x00100188 (0x4501) x10 0x00000000
core   0: 0x0010018a (0x00004581) c.li    a1, 0
core   0: 3 0x0010018a (0x4581) x11 0x00000000
core   0: 0x0010018c (0x00004601) c.li    a2, 0
core   0: 3 0x0010018c (0x4601) x12 0x00000000
core   0: 0x0010018e (0x800006b7) lui     a3, 0x80000
core   0: 3 0x0010018e (0x800006b7) x13 0x80000000
core   0: 0x00100192 (0xf8806737) lui     a4, 0xf8806
core   0: 3 0x00100192 (0xf8806737) x14 0xf8806000
core   0: 0x00100196 (0x0a270713) addi    a4, a4, 162
core   0: 3 0x00100196 (0x0a270713) x14 0xf88060a2
core   0: 0x0010019a (0x00004781) c.li    a5, 0
core   0: 3 0x0010019a (0x4781) x15 0x00000000
core   0: 0x0010019c (0x80000837) lui     a6, 0x80000
core   0: 3 0x0010019c (0x80000837) x16 0x80000000
core   0: 0x001001a0 (0x000048b5) c.li    a7, 13
core   0: 3 0x001001a0 (0x48b5) x17 0x0000000d
core   0: 0x001001a2 (0x00004931) c.li    s2, 12
core   0: 3 0x001001a2 (0x4931) x18 0x0000000c
core   0: 0x001001a4 (0xb5cbe9b7) lui     s3, 0xb5cbe
core   0: 3 0x001001a4 (0xb5cbe9b7) x19 0xb5cbe000
core   0: 0x001001a8 (0x71c98993) addi    s3, s3, 1820
core   0: 3 0x001001a8 (0x71c98993) x19 0xb5cbe71c
core   0: 0x001001ac (0xf73a6a37) lui     s4, 0xf73a6
core   0: 3 0x001001ac (0xf73a6a37) x20 0xf73a6000
core   0: 0x001001b0 (0x391a0a13) addi    s4, s4, 913
core   0: 3 0x001001b0 (0x391a0a13) x20 0xf73a6391
core   0: 0x001001b4 (0x00004a81) c.li    s5, 0
core   0: 3 0x001001b4 (0x4a81) x21 0x00000000
core   0: 0x001001b6 (0x00004b31) c.li    s6, 12
core   0: 3 0x001001b6 (0x4b31) x22 0x0000000c
core   0: 0x001001b8 (0x80000bb7) lui     s7, 0x80000
core   0: 3 0x001001b8 (0x80000bb7) x23 0x80000000
core   0: 0x001001bc (0x1cea7c37) lui     s8, 0x1cea7
core   0: 3 0x001001bc (0x1cea7c37) x24 0x1cea7000
core   0: 0x001001c0 (0x34bc0c13) addi    s8, s8, 843
core   0: 3 0x001001c0 (0x34bc0c13) x24 0x1cea734b
core   0: 0x001001c4 (0xff22acb7) lui     s9, 0xff22a
core   0: 3 0x001001c4 (0xff22acb7) x25 0xff22a000
core   0: 0x001001c8 (0x637c8c93) addi    s9, s9, 1591
core   0: 3 0x001001c8 (0x637c8c93) x25 0xff22a637
core   0: 0x001001cc (0x80000d37) lui     s10, 0x80000
core   0: 3 0x001001cc (0x80000d37) x26 0x80000000
core   0: 0x001001d0 (0xe183bdb7) lui     s11, 0xe183b
core   0: 3 0x001001d0 (0xe183bdb7) x27 0xe183b000
core   0: 0x001001d4 (0xcddd8d93) addi    s11, s11, -803
core   0: 3 0x001001d4 (0xcddd8d93) x27 0xe183acdd
core   0: 0x001001d8 (0x00004e19) c.li    t3, 6
core   0: 3 0x001001d8 (0x4e19) x28 0x00000006
core   0: 0x001001da (0x6b39beb7) lui     t4, 0x6b39b
core   0: 3 0x001001da (0x6b39beb7) x29 0x6b39b000
core   0: 0x001001de (0xfdce8e93) addi    t4, t4, -36
core   0: 3 0x001001de (0xfdce8e93) x29 0x6b39afdc
core   0: 0x001001e2 (0x00007f17) auipc   t5, 0x7
core   0: 3 0x001001e2 (0x00007f17) x30 0x001071e2
core   0: 0x001001e6 (0xc82f0f13) addi    t5, t5, -894
core   0: 3 0x001001e6 (0xc82f0f13) x30 0x00106e64
core   0: 0x001001ea (0x03c9c833) div     a6, s3, t3
core   0: 3 0x001001ea (0x03c9c833) x16 0xf3a1fbda
core   0: 0x001001ee (0x0230c163) blt     ra, gp, pc + 34
core   0: 3 0x001001ee (0x0230c163)
core   0: 0x001001f2 (0x02ffd633) divu    a2, t6, a5
core   0: 3 0x001001f2 (0x02ffd633) x12 0xffffffff
core   0: 0x001001f6 (0x00008ac5) c.andi  a3, 17
core   0: 3 0x001001f6 (0x8ac5) x13 0x00000000
core   0: 0x001001f8 (0x0083a233) slt     tp, t2, s0
core   0: 3 0x001001f8 (0x0083a233) x4  0x00000000
core   0: 0x001001fc (0x034e6e33) rem     t3, t3, s4
core   0: 3 0x001001fc (0x034e6e33) x28 0x00000006
core   0: 0x00100200 (0x000011fd) c.addi  gp, -1
core   0: 3 0x00100200 (0x11fd) x3  0x7fffffff
core   0: 0x00100202 (0x023f1763) bne     t5, gp, pc + 46
core   0: 3 0x00100202 (0x023f1763)
core   0: 0x00100230 (0xcc03cc93) xori    s9, t2, -832
core   0: 3 0x00100230 (0xcc03cc93) x25 0xfffffcc5
core   0: 0x00100234 (0x00008a62) c.mv    s4, s8
core   0: 3 0x00100234 (0x8a62) x20 0x1cea734b
core   0: 0x00100236 (0x938e6d17) auipc   s10, 0x938e6
core   0: 3 0x00100236 (0x938e6d17) x26 0x939e6236
core   0: 0x0010023a (0x032c9a63) bne     s9, s2, pc + 52
core   0: 3 0x0010023a (0x032c9a63)
core   0: 0x0010026e (0x0311d1b3) divu    gp, gp, a7
core   0: 3 0x0010026e (0x0311d1b3) x3  0x09d89d89
core   0: 0x00100272 (0x004aaa33) slt     s4, s5, tp
core   0: 3 0x00100272 (0x004aaa33) x20 0x00000000
core   0: 0x00100276 (0x00008eb5) c.xor   a3, a3
core   0: 3 0x00100276 (0x8eb5) x13 0x00000000
core   0: 0x00100278 (0x03333233) mulhu   tp, t1, s3
core   0: 3 0x00100278 (0x03333233) x4  0x00000000
core   0: 0x0010027c (0x0000ca89) c.beqz  a3, pc + 18
core   0: 3 0x0010027c (0xca89)
core   0: 0x0010028e (0x00000001) c.nop
core   0: 3 0x0010028e (0x0001)
core   0: 0x00100290 (0x0000c211) c.beqz  a2, pc + 4
core   0: 3 0x00100290 (0xc211)
core   0: 0x00100292 (0x00008cfd) c.and   s1, a5
core   0: 3 0x00100292 (0x8cfd) x9  0x00000000
core   0: 0x00100294 (0x00f05eb3) srl     t4, zero, a5
core   0: 3 0x00100294 (0x00f05eb3) x29 0x00000000
core   0: 0x00100298 (0x0002b5b3) sltu    a1, t0, zero
core   0: 3 0x00100298 (0x0002b5b3) x11 0x00000000
core   0: 0x0010029c (0x413fdb93) srai    s7, t6, 19
core   0: 3 0x0010029c (0x413fdb93) x23 0x00000002
core   0: 0x001002a0 (0x021820b3) mulhsu  ra, a6, ra
core   0: 3 0x001002a0 (0x021820b3) x1  0xffffffff
core   0: 0x001002a4 (0x00008e99) c.sub   a3, a4
core   0: 3 0x001002a4 (0x8e99) x13 0x077f9f5e
core   0: 0x001002a6 (0x001f52b3) srl     t0, t5, ra
core   0: 3 0x001002a6 (0x001f52b3) x5  0x00000000
core   0: 0x001002aa (0xf87b0017) auipc   zero, 0xf87b0
core   0: 3 0x001002aa (0xf87b0017)
core   0: 0x001002ae (0x02aedd33) divu    s10, t4, a0
core   0: 3 0x001002ae (0x02aedd33) x26 0xffffffff
core   0: 0x001002b2 (0x41348c33) sub     s8, s1, s3
core   0: 3 0x001002b2 (0x41348c33) x24 0x4a3418e4
core   0: 0x001002b6 (0x00008eb5) c.xor   a3, a3
core   0: 3 0x001002b6 (0x8eb5) x13 0x00000000
core   0: 0x001002b8 (0x00000714) c.addi4spn a3, sp, 896
core   0: 3 0x001002b8 (0x0714) x13 0x00000380
core   0: 0x001002ba (0x03b16f63) bltu    sp, s11, pc + 62
core   0: 3 0x001002ba (0x03b16f63)
core   0: 0x001002f8 (0x28eba013) slti    zero, s7, 654
core   0: 3 0x001002f8 (0x28eba013)
core   0: 0x001002fc (0x01928033) add     zero, t0, s9
core   0: 3 0x001002fc (0x01928033)
core   0: 0x00100300 (0x000086c5) c.srai  a3, 17
core   0: 3 0x00100300 (0x86c5) x13 0x00000000
core   0: 0x00100302 (0x03b10963) beq     sp, s11, pc + 50
core   0: 3 0x00100302 (0x03b10963)
core   0: 0x00100306 (0x000ba033) slt     zero, s7, zero
core   0: 3 0x00100306 (0x000ba033)
core   0: 0x0010030a (0x000055fd) c.li    a1, -1
core   0: 3 0x0010030a (0x55fd) x11 0xffffffff
core   0: 0x0010030c (0x4e8e7893) andi    a7, t3, 1256
core   0: 3 0x0010030c (0x4e8e7893) x17 0x00000000
core   0: 0x00100310 (0xd7a97937) lui     s2, 0xd7a97
core   0: 3 0x00100310 (0xd7a97937) x18 0xd7a97000
core   0: 0x00100314 (0x01cb1293) slli    t0, s6, 28
core   0: 3 0x00100314 (0x01cb1293) x5  0xc0000000
core   0: 0x00100318 (0x01a7ac33) slt     s8, a5, s10
core   0: 3 0x00100318 (0x01a7ac33) x24 0x00000000
core   0: 0x0010031c (0x02d58cb3) mul     s9, a1, a3
core   0: 3 0x0010031c (0x02d58cb3) x25 0x00000000
core   0: 0x00100320 (0x00008ad9) c.andi  a3, 22
core   0: 3 0x00100320 (0x8ad9) x13 0x00000000
core   0: 0x00100322 (0xcd7f8393) addi    t2, t6, -809
core   0: 3 0x00100322 (0xcd7f8393) x7  0x0010b95b
core   0: 0x00100326 (0x00745633) srl     a2, s0, t2
core   0: 3 0x00100326 (0x00745633) x12 0x0000001f
core   0: 0x0010032a (0x004de463) bltu    s11, tp, pc + 8
core   0: 3 0x0010032a (0x004de463)
core   0: 0x0010032e (0x00008e35) c.xor   a2, a3
core   0: 3 0x0010032e (0x8e35) x12 0x0000001f
core   0: 0x00100330 (0x00008ef5) c.and   a3, a3
core   0: 3 0x00100330 (0x8ef5) x13 0x00000000
core   0: 0x00100332 (0x0000717d) c.addi16sp sp, -16
core   0: 3 0x00100332 (0x717d) x2  0xfffffff0
core   0: 0x00100334 (0x896ad3b7) lui     t2, 0x896ad
core   0: 3 0x00100334 (0x896ad3b7) x7  0x896ad000
core   0: 0x00100338 (0x000058fd) c.li    a7, -1
core   0: 3 0x00100338 (0x58fd) x17 0xffffffff
core   0: 0x0010033a (0x00008eb5) c.xor   a3, a3
core   0: 3 0x0010033a (0x8eb5) x13 0x00000000
core   0: 0x0010033c (0x00008e0e) c.mv    t3, gp
core   0: 3 0x0010033c (0x8e0e) x28 0x09d89d89
core   0: 0x0010033e (0x01961d63) bne     a2, s9, pc + 26
core   0: 3 0x0010033e (0x01961d63)
core   0: 0x00100358 (0x01871993) slli    s3, a4, 24
core   0: 3 0x00100358 (0x01871993) x19 0xa2000000
core   0: 0x0010035c (0x00008e8d) c.sub   a3, a1
core   0: 3 0x0010035c (0x8e8d) x13 0x00000001
core   0: 0x0010035e (0x00558633) add     a2, a1, t0
core   0: 3 0x0010035e (0x00558633) x12 0xbfffffff
core   0: 0x00100362 (0x02082633) mulhsu  a2, a6, zero
core   0: 3 0x00100362 (0x02082633) x12 0x00000000
core   0: 0x00100366 (0x0042d993) srli    s3, t0, 4
core   0: 3 0x00100366 (0x0042d993) x19 0x0c000000
core   0: 0x0010036a (0x00e81993) slli    s3, a6, 14
core   0: 3 0x0010036a (0x00e81993) x19 0x7ef68000
core   0: 0x0010036e (0x00000001) c.nop
core   0: 3 0x0010036e (0x0001)
core   0: 0x00100370 (0x0000ce91) c.beqz  a3, pc + 28
core   0: 3 0x00100370 (0xce91)
core   0: 0x00100372 (0xe3479a37) lui     s4, 0xe3479
core   0: 3 0x00100372 (0xe3479a37) x20 0xe3479000
core   0: 0x00100376 (0x00000001) c.nop
core   0: 3 0x00100376 (0x0001)
core   0: 0x00100378 (0x87e80213) addi    tp, a6, -1922
core   0: 3 0x00100378 (0x87e80213) x4  0xf3a1f458
core   0: 0x0010037c (0x00000001) c.nop
core   0: 3 0x0010037c (0x0001)
core   0: 0x0010037e (0x23fe4317) auipc   t1, 0x23fe4
core   0: 3 0x0010037e (0x23fe4317) x6  0x240e437e
core   0: 0x00100382 (0xddf90337) lui     t1, 0xddf90
core   0: 3 0x00100382 (0xddf90337) x6  0xddf90000
core   0: 0x00100386 (0x0000c691) c.beqz  a3, pc + 12
core   0: 3 0x00100386 (0xc691)
core   0: 0x00100388 (0x0b2cce13) xori    t3, s9, 178
core   0: 3 0x00100388 (0x0b2cce13) x28 0x000000b2
core   0: 0x0010038c (0x000080a9) c.srli  s1, 10
core   0: 3 0x0010038c (0x80a9) x9  0x00000000
core   0: 0x0010038e (0x03981db3) mulh    s11, a6, s9
core   0: 3 0x0010038e (0x03981db3) x27 0x00000000
core   0: 0x00100392 (0x01f61a13) slli    s4, a2, 31
core   0: 3 0x00100392 (0x01f61a13) x20 0x00000000
core   0: 0x00100396 (0x0000557d) c.li    a0, -1
core   0: 3 0x00100396 (0x557d) x10 0xffffffff
core   0: 0x00100398 (0x00000b6d) c.addi  s6, 27
core   0: 3 0x00100398 (0x0b6d) x22 0x00000027
core   0: 0x0010039a (0x0194f9b3) and     s3, s1, s9
core   0: 3 0x0010039a (0x0194f9b3) x19 0x00000000
core   0: 0x0010039e (0x01654b33) xor     s6, a0, s6
core   0: 3 0x0010039e (0x01654b33) x22 0xffffffd8
core   0: 0x001003a2 (0x01599db3) sll     s11, s3, s5
core   0: 3 0x001003a2 (0x01599db3) x27 0x00000000
core   0: 0x001003a6 (0x034c6063) bltu    s8, s4, pc + 32
core   0: 3 0x001003a6 (0x034c6063)
core   0: 0x001003aa (0x418cd893) srai    a7, s9, 24
core   0: 3 0x001003aa (0x418cd893) x17 0x00000000
core   0: 0x001003ae (0x000082c5) c.srli  a3, 17
core   0: 3 0x001003ae (0x82c5) x13 0x00000000
core   0: 0x001003b0 (0x00d31763) bne     t1, a3, pc + 14
core   0: 3 0x001003b0 (0x00d31763)
core   0: 0x001003be (0x03e9adb3) mulhsu  s11, s3, t5
core   0: 3 0x001003be (0x03e9adb3) x27 0x00000000
core   0: 0x001003c2 (0xd4622a93) slti    s5, tp, -698
core   0: 3 0x001003c2 (0xd4622a93) x21 0x00000001
core   0: 0x001003c6 (0x037accb3) div     s9, s5, s7
core   0: 3 0x001003c6 (0x037accb3) x25 0x00000000
core   0: 0x001003ca (0x102ac097) auipc   ra, 0x102ac
core   0: 3 0x001003ca (0x102ac097) x1  0x103ac3ca
core   0: 0x001003ce (0x012176b3) and     a3, sp, s2
core   0: 3 0x001003ce (0x012176b3) x13 0xd7a97000
core   0: 0x001003d2 (0x003b1513) slli    a0, s6, 3
core   0: 3 0x001003d2 (0x003b1513) x10 0xfffffec0
core   0: 0x001003d6 (0xcadb04b7) lui     s1, 0xcadb0
core   0: 3 0x001003d6 (0xcadb04b7) x9  0xcadb0000
core   0: 0x001003da (0x010bd8b3) srl     a7, s7, a6
core   0: 3 0x001003da (0x010bd8b3) x17 0x00000000
core   0: 0x001003de (0x00000294) c.addi4spn a3, sp, 320
core   0: 3 0x001003de (0x0294) x13 0x00000130
core   0: 0x001003e0 (0x000086dd) c.srai  a3, 23
core   0: 3 0x001003e0 (0x86dd) x13 0x00000000
core   0: 0x001003e2 (0x0323bb33) mulhu   s6, t2, s2
core   0: 3 0x001003e2 (0x0323bb33) x22 0x73c3a852
core   0: 0x001003e6 (0x403dd793) srai    a5, s11, 3
core   0: 3 0x001003e6 (0x403dd793) x15 0x00000000
core   0: 0x001003ea (0x000080d5) c.srli  s1, 21
core   0: 3 0x001003ea (0x80d5) x9  0x00000656
core   0: 0x001003ec (0x41bfde93) srai    t4, t6, 27
core   0: 3 0x001003ec (0x41bfde93) x29 0x00000000
core   0: 0x001003f0 (0x03b9ea63) bltu    s3, s11, pc + 52
core   0: 3 0x001003f0 (0x03b9ea63)
core   0: 0x001003f4 (0x011c9433) sll     s0, s9, a7
core   0: 3 0x001003f4 (0x011c9433) x8  0x00000000
core   0: 0x001003f8 (0x00004e5d) c.li    t3, 23
core   0: 3 0x001003f8 (0x4e5d) x28 0x00000017
core   0: 0x001003fa (0x01ca0e63) beq     s4, t3, pc + 28
core   0: 3 0x001003fa (0x01ca0e63)
core   0: 0x001003fe (0x00008ef5) c.and   a3, a3
core   0: 3 0x001003fe (0x8ef5) x13 0x00000000
core   0: 0x00100400 (0x00006a51) c.lui   s4, 0x14
core   0: 3 0x00100400 (0x6a51) x20 0x00014000
core   0: 0x00100402 (0x9b3a3e13) sltiu   t3, s4, -1613
core   0: 3 0x00100402 (0x9b3a3e13) x28 0x00000001
core   0: 0x00100406 (0xdc32c293) xori    t0, t0, -573
core   0: 3 0x00100406 (0xdc32c293) x5  0x3ffffdc3
core   0: 0x0010040a (0x001b95b3) sll     a1, s7, ra
core   0: 3 0x0010040a (0x001b95b3) x11 0x00000800
core   0: 0x0010040e (0x0000986a) c.add   a6, s10
core   0: 3 0x0010040e (0x986a) x16 0xf3a1fbd9
core   0: 0x00100410 (0x00008471) c.srai  s0, 28
core   0: 3 0x00100410 (0x8471) x8  0x00000000
core   0: 0x00100412 (0x00000001) c.nop
core   0: 3 0x00100412 (0x0001)
core   0: 0x00100414 (0x00000c09) c.addi  s8, 2
core   0: 3 0x00100414 (0x0c09) x24 0x00000002
core   0: 0x00100416 (0x00008ef5) c.and   a3, a3
core   0: 3 0x00100416 (0x8ef5) x13 0x00000000
core   0: 0x00100418 (0x02e44833) div     a6, s0, a4
core   0: 3 0x00100418 (0x02e44833) x16 0x00000000
core   0: 0x0010041c (0x01415913) srli    s2, sp, 20
core   0: 3 0x0010041c (0x01415913) x18 0x00000fff
core   0: 0x00100420 (0x007ec263) blt     t4, t2, pc + 4
core   0: 3 0x00100420 (0x007ec263)
core   0: 0x00100424 (0x00938b33) add     s6, t2, s1
core   0: 3 0x00100424 (0x00938b33) x22 0x896ad656
core   0: 0x00100428 (0x000086a1) c.srai  a3, 8
core   0: 3 0x00100428 (0x86a1) x13 0x00000000
core   0: 0x0010042a (0x00000ea1) c.addi  t4, 8
core   0: 3 0x0010042a (0x0ea1) x29 0x00000008
core   0: 0x0010042c (0x00000001) c.nop
core   0: 3 0x0010042c (0x0001)
core   0: 0x0010042e (0x0303d5b3) divu    a1, t2, a6
core   0: 3 0x0010042e (0x0303d5b3) x11 0xffffffff
core   0: 0x00100432 (0xd53d2293) slti    t0, s10, -685
core   0: 3 0x00100432 (0xd53d2293) x5  0x00000000
core   0: 0x00100436 (0x0000117d) c.addi  sp, -1
core   0: 3 0x00100436 (0x117d) x2  0xffffffef
core   0: 0x00100438 (0x405b51b3) sra     gp, s6, t0
core   0: 3 0x00100438 (0x405b51b3) x3  0x896ad656
core   0: 0x0010043c (0x0000812d) c.srli  a0, 11
core   0: 3 0x0010043c (0x812d) x10 0x001fffff
core   0: 0x0010043e (0x0000ce99) c.beqz  a3, pc + 30
core   0: 3 0x0010043e (0xce99)
core   0: 0x0010045c (0x00008ef5) c.and   a3, a3
core   0: 3 0x0010045c (0x8ef5) x13 0x00000000
core   0: 0x0010045e (0x00000717) auipc   a4, 0x0
core   0: 3 0x0010045e (0x00000717) x14 0x0010045e
core   0: 0x00100462 (0x00c70713) addi    a4, a4, 12
core   0: 3 0x00100462 (0x00c70713) x14 0x0010046a
core   0: 0x00100466 (0x00070067) jr      a4
core   0: 3 0x00100466 (0x00070067)
core   0: 0x0010046a (0x00004185) c.li    gp, 1
core   0: 3 0x0010046a (0x4185) x3  0x00000001
core   0: 0x0010046c (0x00000073) ecall
core   0: exception trap_machine_ecall, epc 0x0010046c
core   0: 0x00100f00 (0x0400006f) j       pc + 0x40
core   0: 3 0x00100f00 (0x0400006f)
core   0: 0x00100f40 (0x340f1f73) csrrw   t5, mscratch, t5
core   0: 3 0x00100f40 (0x340f1f73) x30 0x00000000 c832_mscratch 0x00106e64
core   0: 0x00100f44 (0x000f8f33) add     t5, t6, zero
core   0: 3 0x00100f44 (0x000f8f33) x30 0x0010bc84
core   0: 0x00100f48 (0xf84f0f13) addi    t5, t5, -124
core   0: 3 0x00100f48 (0xf84f0f13) x30 0x0010bc08
core   0: 0x00100f4c (0x001f2223) sw      ra, 4(t5)
core   0: 3 0x00100f4c (0x001f2223) mem 0x0010bc0c 0x103ac3ca
core   0: 0x00100f50 (0x002f2423) sw      sp, 8(t5)
core   0: 3 0x00100f50 (0x002f2423) mem 0x0010bc10 0xffffffef
core   0: 0x00100f54 (0x003f2623) sw      gp, 12(t5)
core   0: 3 0x00100f54 (0x003f2623) mem 0x0010bc14 0x00000001
core   0: 0x00100f58 (0x004f2823) sw      tp, 16(t5)
core   0: 3 0x00100f58 (0x004f2823) mem 0x0010bc18 0xf3a1f458
core   0: 0x00100f5c (0x005f2a23) sw      t0, 20(t5)
core   0: 3 0x00100f5c (0x005f2a23) mem 0x0010bc1c 0x00000000
core   0: 0x00100f60 (0x006f2c23) sw      t1, 24(t5)
core   0: 3 0x00100f60 (0x006f2c23) mem 0x0010bc20 0xddf90000
core   0: 0x00100f64 (0x007f2e23) sw      t2, 28(t5)
core   0: 3 0x00100f64 (0x007f2e23) mem 0x0010bc24 0x896ad000
core   0: 0x00100f68 (0x028f2023) sw      s0, 32(t5)
core   0: 3 0x00100f68 (0x028f2023) mem 0x0010bc28 0x00000000
core   0: 0x00100f6c (0x029f2223) sw      s1, 36(t5)
core   0: 3 0x00100f6c (0x029f2223) mem 0x0010bc2c 0x00000656
core   0: 0x00100f70 (0x02af2423) sw      a0, 40(t5)
core   0: 3 0x00100f70 (0x02af2423) mem 0x0010bc30 0x001fffff
core   0: 0x00100f74 (0x02bf2623) sw      a1, 44(t5)
core   0: 3 0x00100f74 (0x02bf2623) mem 0x0010bc34 0xffffffff
core   0: 0x00100f78 (0x02cf2823) sw      a2, 48(t5)
core   0: 3 0x00100f78 (0x02cf2823) mem 0x0010bc38 0x00000000
core   0: 0x00100f7c (0x02df2a23) sw      a3, 52(t5)
core   0: 3 0x00100f7c (0x02df2a23) mem 0x0010bc3c 0x00000000
core   0: 0x00100f80 (0x02ef2c23) sw      a4, 56(t5)
core   0: 3 0x00100f80 (0x02ef2c23) mem 0x0010bc40 0x0010046a
core   0: 0x00100f84 (0x02ff2e23) sw      a5, 60(t5)
core   0: 3 0x00100f84 (0x02ff2e23) mem 0x0010bc44 0x00000000
core   0: 0x00100f88 (0x050f2023) sw      a6, 64(t5)
core   0: 3 0x00100f88 (0x050f2023) mem 0x0010bc48 0x00000000
core   0: 0x00100f8c (0x051f2223) sw      a7, 68(t5)
core   0: 3 0x00100f8c (0x051f2223) mem 0x0010bc4c 0x00000000
core   0: 0x00100f90 (0x052f2423) sw      s2, 72(t5)
core   0: 3 0x00100f90 (0x052f2423) mem 0x0010bc50 0x00000fff
core   0: 0x00100f94 (0x053f2623) sw      s3, 76(t5)
core   0: 3 0x00100f94 (0x053f2623) mem 0x0010bc54 0x00000000
core   0: 0x00100f98 (0x054f2823) sw      s4, 80(t5)
core   0: 3 0x00100f98 (0x054f2823) mem 0x0010bc58 0x00014000
core   0: 0x00100f9c (0x055f2a23) sw      s5, 84(t5)
core   0: 3 0x00100f9c (0x055f2a23) mem 0x0010bc5c 0x00000001
core   0: 0x00100fa0 (0x056f2c23) sw      s6, 88(t5)
core   0: 3 0x00100fa0 (0x056f2c23) mem 0x0010bc60 0x896ad656
core   0: 0x00100fa4 (0x057f2e23) sw      s7, 92(t5)
core   0: 3 0x00100fa4 (0x057f2e23) mem 0x0010bc64 0x00000002
core   0: 0x00100fa8 (0x078f2023) sw      s8, 96(t5)
core   0: 3 0x00100fa8 (0x078f2023) mem 0x0010bc68 0x00000002
core   0: 0x00100fac (0x079f2223) sw      s9, 100(t5)
core   0: 3 0x00100fac (0x079f2223) mem 0x0010bc6c 0x00000000
core   0: 0x00100fb0 (0x07af2423) sw      s10, 104(t5)
core   0: 3 0x00100fb0 (0x07af2423) mem 0x0010bc70 0xffffffff
core   0: 0x00100fb4 (0x07bf2623) sw      s11, 108(t5)
core   0: 3 0x00100fb4 (0x07bf2623) mem 0x0010bc74 0x00000000
core   0: 0x00100fb8 (0x07cf2823) sw      t3, 112(t5)
core   0: 3 0x00100fb8 (0x07cf2823) mem 0x0010bc78 0x00000001
core   0: 0x00100fbc (0x07df2a23) sw      t4, 116(t5)
core   0: 3 0x00100fbc (0x07df2a23) mem 0x0010bc7c 0x00000008
core   0: 0x00100fc0 (0x07ef2c23) sw      t5, 120(t5)
core   0: 3 0x00100fc0 (0x07ef2c23) mem 0x0010bc80 0x0010bc08
core   0: 0x00100fc4 (0x07ff2e23) sw      t6, 124(t5)
core   0: 3 0x00100fc4 (0x07ff2e23) mem 0x0010bc84 0x0010bc84
core   0: 0x00100fc8 (0x34102df3) csrr    s11, mepc
core   0: 3 0x00100fc8 (0x34102df3) x27 0x0010046c
core   0: 0x00100fcc (0x34202df3) csrr    s11, mcause
core   0: 3 0x00100fcc (0x34202df3) x27 0x0000000b
core   0: 0x00100fd0 (0x00004b2d) c.li    s6, 11
core   0: 3 0x00100fd0 (0x4b2d) x22 0x0000000b
core   0: 0x00100fd2 (0x016d8d63) beq     s11, s6, pc + 26
core   0: 3 0x00100fd2 (0x016d8d63)
core   0: 0x00100fec (0xfffffd97) auipc   s11, 0xfffff
core   0: 3 0x00100fec (0xfffffd97) x27 0x000fffec
core   0: 0x00100ff0 (0x114d8d93) addi    s11, s11, 276
core   0: 3 0x00100ff0 (0x114d8d93) x27 0x00100100
core   0: 0x00100ff4 (0x000da023) sw      zero, 0(s11)
core   0: 3 0x00100ff4 (0x000da023) mem 0x00100100 0x00000000
core   0: 0x00100ff8 (0x001da223) sw      ra, 4(s11)
core   0: 3 0x00100ff8 (0x001da223) mem 0x00100104 0x103ac3ca
core   0: 0x00100ffc (0x002da423) sw      sp, 8(s11)
core   0: 3 0x00100ffc (0x002da423) mem 0x00100108 0xffffffef
core   0: 0x00101000 (0x003da623) sw      gp, 12(s11)
core   0: 3 0x00101000 (0x003da623) mem 0x0010010c 0x00000001
core   0: 0x00101004 (0x004da823) sw      tp, 16(s11)
core   0: 3 0x00101004 (0x004da823) mem 0x00100110 0xf3a1f458
core   0: 0x00101008 (0x005daa23) sw      t0, 20(s11)
core   0: 3 0x00101008 (0x005daa23) mem 0x00100114 0x00000000
core   0: 0x0010100c (0x006dac23) sw      t1, 24(s11)
core   0: 3 0x0010100c (0x006dac23) mem 0x00100118 0xddf90000
core   0: 0x00101010 (0x007dae23) sw      t2, 28(s11)
core   0: 3 0x00101010 (0x007dae23) mem 0x0010011c 0x896ad000
core   0: 0x00101014 (0x028da023) sw      s0, 32(s11)
core   0: 3 0x00101014 (0x028da023) mem 0x00100120 0x00000000
core   0: 0x00101018 (0x029da223) sw      s1, 36(s11)
core   0: 3 0x00101018 (0x029da223) mem 0x00100124 0x00000656
core   0: 0x0010101c (0x02ada423) sw      a0, 40(s11)
core   0: 3 0x0010101c (0x02ada423) mem 0x00100128 0x001fffff
core   0: 0x00101020 (0x02bda623) sw      a1, 44(s11)
core   0: 3 0x00101020 (0x02bda623) mem 0x0010012c 0xffffffff
core   0: 0x00101024 (0x02cda823) sw      a2, 48(s11)
core   0: 3 0x00101024 (0x02cda823) mem 0x00100130 0x00000000
core   0: 0x00101028 (0x02ddaa23) sw      a3, 52(s11)
core   0: 3 0x00101028 (0x02ddaa23) mem 0x00100134 0x00000000
core   0: 0x0010102c (0x02edac23) sw      a4, 56(s11)
core   0: 3 0x0010102c (0x02edac23) mem 0x00100138 0x0010046a
core   0: 0x00101030 (0x02fdae23) sw      a5, 60(s11)
core   0: 3 0x00101030 (0x02fdae23) mem 0x0010013c 0x00000000
core   0: 0x00101034 (0x050da023) sw      a6, 64(s11)
core   0: 3 0x00101034 (0x050da023) mem 0x00100140 0x00000000
core   0: 0x00101038 (0x051da223) sw      a7, 68(s11)
core   0: 3 0x00101038 (0x051da223) mem 0x00100144 0x00000000
core   0: 0x0010103c (0x052da423) sw      s2, 72(s11)
core   0: 3 0x0010103c (0x052da423) mem 0x00100148 0x00000fff
core   0: 0x00101040 (0x053da623) sw      s3, 76(s11)
core   0: 3 0x00101040 (0x053da623) mem 0x0010014c 0x00000000
core   0: 0x00101044 (0x054da823) sw      s4, 80(s11)
core   0: 3 0x00101044 (0x054da823) mem 0x00100150 0x00014000
core   0: 0x00101048 (0x055daa23) sw      s5, 84(s11)
core   0: 3 0x00101048 (0x055daa23) mem 0x00100154 0x00000001
core   0: 0x0010104c (0x056dac23) sw      s6, 88(s11)
core   0: 3 0x0010104c (0x056dac23) mem 0x00100158 0x0000000b
core   0: 0x00101050 (0x057dae23) sw      s7, 92(s11)
core   0: 3 0x00101050 (0x057dae23) mem 0x0010015c 0x00000002
core   0: 0x00101054 (0x078da023) sw      s8, 96(s11)
core   0: 3 0x00101054 (0x078da023) mem 0x00100160 0x00000002
core   0: 0x00101058 (0x079da223) sw      s9, 100(s11)
core   0: 3 0x00101058 (0x079da223) mem 0x00100164 0x00000000
core   0: 0x0010105c (0x07ada423) sw      s10, 104(s11)
core   0: 3 0x0010105c (0x07ada423) mem 0x00100168 0xffffffff
core   0: 0x00101060 (0x07bda623) sw      s11, 108(s11)
core   0: 3 0x00101060 (0x07bda623) mem 0x0010016c 0x00100100
core   0: 0x00101064 (0x07cda823) sw      t3, 112(s11)
core   0: 3 0x00101064 (0x07cda823) mem 0x00100170 0x00000001
core   0: 0x00101068 (0x07ddaa23) sw      t4, 116(s11)
core   0: 3 0x00101068 (0x07ddaa23) mem 0x00100174 0x00000008
core   0: 0x0010106c (0x07edac23) sw      t5, 120(s11)
core   0: 3 0x0010106c (0x07edac23) mem 0x00100178 0x0010bc08
core   0: 0x00101070 (0x07fdae23) sw      t6, 124(s11)
core   0: 3 0x00101070 (0x07fdae23) mem 0x0010017c 0x0010bc84
core   0: 0x00101074 (0xfffff717) auipc   a4, 0xfffff
core   0: 3 0x00101074 (0xfffff717) x14 0x00100074
core   0: 0x00101078 (0x3fc70713) addi    a4, a4, 1020
core   0: 3 0x00101078 (0x3fc70713) x14 0x00100470
core   0: 0x0010107c (0x00070067) jr      a4
core   0: 3 0x0010107c (0x00070067)
core   0: 0x00100470 (0xfff20f17) auipc   t5, 0xfff20
core   0: 3 0x00100470 (0xfff20f17) x30 0x00020470
