Time	Cycle	PC	Insn	Decoded instruction	Register and memory contents
         115000	         6	00100080	0800006f	jal	x0,100100	  x0=0x00000000
         125000	         7	00100100	f14022f3	csrrs	x5,mhartid,x0	  x0:0x00000000  x5=0x00000000
         135000	         8	00100104	4301	c.li	x6,0	  x6=0x00000000
         155000	        10	00100106	00628263	beq	x5,x6,10010a	  x5:0x00000000  x6:0x00000000
         185000	        13	0010010a	00000717	auipc	x14,0x0	 x14=0x0010010a
         195000	        14	0010010e	00c70713	addi	x14,x14,12	 x14:0x0010010a x14=0x00100116
         215000	        16	00100112	00070067	jalr	x0,0(x14)	 x14:0x00100116  x0=0x00000000
         235000	        18	00100116	40001db7	lui	x27,0x40001	 x27=0x40001000
         245000	        19	0010011a	104d8d93	addi	x27,x27,260	 x27:0x40001000 x27=0x40001104
         255000	        20	0010011e	301d9073	csrrw	x0,misa,x27	 x27:0x40001104  x0=0x00000000
         285000	        23	00100122	0000cf97	auipc	x31,0xc	 x31=0x0010c122
         295000	        24	00100126	b62f8f93	addi	x31,x31,-1182	 x31:0x0010c122 x31=0x0010bc84
         305000	        25	0010012a	00001d97	auipc	x27,0x1	 x27=0x0010112a
         315000	        26	0010012e	dd6d8d93	addi	x27,x27,-554	 x27:0x0010112a x27=0x00100f00
         325000	        27	00100132	001ded93	ori	x27,x27,1	 x27:0x00100f00 x27=0x00100f01
         335000	        28	00100136	305d9073	csrrw	x0,mtvec,x27	 x27:0x00100f01  x0=0x00000000
         365000	        31	0010013a	00000d97	auipc	x27,0x0	 x27=0x0010013a
         375000	        32	0010013e	024d8d93	addi	x27,x27,36	 x27:0x0010013a x27=0x0010015e
         385000	        33	00100142	341d9073	csrrw	x0,mepc,x27	 x27:0x0010015e  x0=0x00000000
         395000	        34	00100146	6d89	c.lui	x27,0x2	 x27=0x00002000
         405000	        35	00100148	ebad8d93	addi	x27,x27,-326	 x27:0x00002000 x27=0x00001eba
         415000	        36	0010014c	300d9073	csrrw	x0,mstatus,x27	 x27:0x00001eba  x0=0x00000000
         445000	        39	00100150	6d85	c.lui	x27,0x1	 x27=0x00001000
         455000	        40	00100152	b0bd8d93	addi	x27,x27,-1269	 x27:0x00001000 x27=0x00000b0b
         465000	        41	00100156	304d9073	csrrw	x0,mie,x27	 x27:0x00000b0b  x0=0x00000000
         495000	        44	0010015a	30200073	mret	
         535000	        48	0010015e	80000037	lui	x0,0x80000	  x0=0x00000000
         545000	        49	00100162	0001	c.addi	x0,0	  x0:0x00000000  x0=0x00000000
         555000	        50	00100164	409d	c.li	x1,7	  x1=0x00000007
         565000	        51	00100166	4101	c.li	x2,0	  x2=0x00000000
         575000	        52	00100168	800001b7	lui	x3,0x80000	  x3=0x80000000
         585000	        53	0010016c	adb1f237	lui	x4,0xadb1f	  x4=0xadb1f000
         595000	        54	00100170	85e20213	addi	x4,x4,-1954	  x4:0xadb1f000  x4=0xadb1e85e
         605000	        55	00100174	800002b7	lui	x5,0x80000	  x5=0x80000000
         615000	        56	00100178	4301	c.li	x6,0	  x6=0x00000000
         625000	        57	0010017a	4395	c.li	x7,5	  x7=0x00000005
         635000	        58	0010017c	fa1f5437	lui	x8,0xfa1f5	  x8=0xfa1f5000
         645000	        59	00100180	a0b40413	addi	x8,x8,-1525	  x8:0xfa1f5000  x8=0xfa1f4a0b
         655000	        60	00100184	800004b7	lui	x9,0x80000	  x9=0x80000000
         665000	        61	00100188	4501	c.li	x10,0	 x10=0x00000000
         675000	        62	0010018a	4581	c.li	x11,0	 x11=0x00000000
         685000	        63	0010018c	4601	c.li	x12,0	 x12=0x00000000
         695000	        64	0010018e	800006b7	lui	x13,0x80000	 x13=0x80000000
         705000	        65	00100192	f8806737	lui	x14,0xf8806	 x14=0xf8806000
         715000	        66	00100196	0a270713	addi	x14,x14,162	 x14:0xf8806000 x14=0xf88060a2
         725000	        67	0010019a	4781	c.li	x15,0	 x15=0x00000000
         735000	        68	0010019c	80000837	lui	x16,0x80000	 x16=0x80000000
         745000	        69	001001a0	48b5	c.li	x17,13	 x17=0x0000000d
         755000	        70	001001a2	4931	c.li	x18,12	 x18=0x0000000c
         765000	        71	001001a4	b5cbe9b7	lui	x19,0xb5cbe	 x19=0xb5cbe000
         775000	        72	001001a8	71c98993	addi	x19,x19,1820	 x19:0xb5cbe000 x19=0xb5cbe71c
         785000	        73	001001ac	f73a6a37	lui	x20,0xf73a6	 x20=0xf73a6000
         795000	        74	001001b0	391a0a13	addi	x20,x20,913	 x20:0xf73a6000 x20=0xf73a6391
         805000	        75	001001b4	4a81	c.li	x21,0	 x21=0x00000000
         815000	        76	001001b6	4b31	c.li	x22,12	 x22=0x0000000c
         825000	        77	001001b8	80000bb7	lui	x23,0x80000	 x23=0x80000000
         835000	        78	001001bc	1cea7c37	lui	x24,0x1cea7	 x24=0x1cea7000
         845000	        79	001001c0	34bc0c13	addi	x24,x24,843	 x24:0x1cea7000 x24=0x1cea734b
         855000	        80	001001c4	ff22acb7	lui	x25,0xff22a	 x25=0xff22a000
         865000	        81	001001c8	637c8c93	addi	x25,x25,1591	 x25:0xff22a000 x25=0xff22a637
         875000	        82	001001cc	80000d37	lui	x26,0x80000	 x26=0x80000000
         885000	        83	001001d0	e183bdb7	lui	x27,0xe183b	 x27=0xe183b000
         895000	        84	001001d4	cddd8d93	addi	x27,x27,-803	 x27:0xe183b000 x27=0xe183acdd
         905000	        85	001001d8	4e19	c.li	x28,6	 x28=0x00000006
         915000	        86	001001da	6b39beb7	lui	x29,0x6b39b	 x29=0x6b39b000
         925000	        87	001001de	fdce8e93	addi	x29,x29,-36	 x29:0x6b39b000 x29=0x6b39afdc
         935000	        88	001001e2	00007f17	auipc	x30,0x7	 x30=0x001071e2
         945000	        89	001001e6	c82f0f13	addi	x30,x30,-894	 x30:0x001071e2 x30=0x00106e64
        1315000	       126	001001ea	03c9c833	div	x16,x19,x28	 x19:0xb5cbe71c x28:0x00000006 x16=0xf3a1fbda
        1325000	       127	001001ee	0230c163	blt	x1,x3,100210	  x1:0x00000007  x3:0x80000000
        1345000	       129	001001f2	02ffd633	divu	x12,x31,x15	 x31:0x0010bc84 x15:0x00000000 x12=0xffffffff
        1355000	       130	001001f6	8ac5	c.andi	x13,17	 x13:0x80000000 x13=0x00000000
        1365000	       131	001001f8	0083a233	slt	x4,x7,x8	  x7:0x00000005  x8:0xfa1f4a0b  x4=0x00000000
        1735000	       168	001001fc	034e6e33	rem	x28,x28,x20	 x28:0x00000006 x20:0xf73a6391 x28=0x00000006
        1745000	       169	00100200	11fd	c.addi	x3,-1	  x3:0x80000000  x3=0x7fffffff
        1765000	       171	00100202	023f1763	bne	x30,x3,100230	 x30:0x00106e64  x3:0x7fffffff
        1785000	       173	00100230	cc03cc93	xori	x25,x7,-832	  x7:0x00000005 x25=0xfffffcc5
        1795000	       174	00100234	8a62	c.mv	x20,x24	  x0:0x00000000 x24:0x1cea734b x20=0x1cea734b
        1805000	       175	00100236	938e6d17	auipc	x26,0x938e6	 x26=0x939e6236
        1825000	       177	0010023a	032c9a63	bne	x25,x18,10026e	 x25:0xfffffcc5 x18:0x0000000c
        2215000	       216	0010026e	0311d1b3	divu	x3,x3,x17	  x3:0x7fffffff x17:0x0000000d  x3=0x09d89d89
        2225000	       217	00100272	004aaa33	slt	x20,x21,x4	 x21:0x00000000  x4:0x00000000 x20=0x00000000
        2235000	       218	00100276	8eb5	c.xor	x13,x13	 x13:0x00000000 x13:0x00000000 x13=0x00000000
        2275000	       222	00100278	03333233	mulhu	x4,x6,x19	  x6:0x00000000 x19:0xb5cbe71c  x4=0x00000000
        2295000	       224	0010027c	ca89	c.beqz	x13,10028e	 x13:0x00000000
        2315000	       226	0010028e	0001	c.addi	x0,0	  x0:0x00000000  x0=0x00000000
        2325000	       227	00100290	c211	c.beqz	x12,100294	 x12:0xffffffff
        2335000	       228	00100292	8cfd	c.and	x9,x15	  x9:0x80000000 x15:0x00000000  x9=0x00000000
        2345000	       229	00100294	00f05eb3	srl	x29,x0,x15	  x0:0x00000000 x15:0x00000000 x29=0x00000000
        2355000	       230	00100298	0002b5b3	sltu	x11,x5,x0	  x5:0x80000000  x0:0x00000000 x11=0x00000000
        2365000	       231	0010029c	413fdb93	srai	x23,x31,0x13	 x31:0x0010bc84 x23=0x00000002
        2405000	       235	001002a0	021820b3	mulhsu	x1,x16,x1	 x16:0xf3a1fbda  x1:0x00000007  x1=0xffffffff
        2415000	       236	001002a4	8e99	c.sub	x13,x14	 x13:0x00000000 x14:0xf88060a2 x13=0x077f9f5e
        2425000	       237	001002a6	001f52b3	srl	x5,x30,x1	 x30:0x00106e64  x1:0xffffffff  x5=0x00000000
        2435000	       238	001002aa	f87b0017	auipc	x0,0xf87b0	  x0=0x00000000
        2455000	       240	001002ae	02aedd33	divu	x26,x29,x10	 x29:0x00000000 x10:0x00000000 x26=0xffffffff
        2465000	       241	001002b2	41348c33	sub	x24,x9,x19	  x9:0x00000000 x19:0xb5cbe71c x24=0x4a3418e4
        2475000	       242	001002b6	8eb5	c.xor	x13,x13	 x13:0x077f9f5e x13:0x077f9f5e x13=0x00000000
        2485000	       243	001002b8	0714	c.addi4spn	x13,x2,896	 x13=0x00000380
        2505000	       245	001002ba	03b16f63	bltu	x2,x27,1002f8	  x2:0x00000000 x27:0xe183acdd
        2525000	       247	001002f8	28eba013	slti	x0,x23,654	 x23:0x00000002  x0=0x00000000
        2535000	       248	001002fc	01928033	add	x0,x5,x25	  x5:0x00000000 x25:0xfffffcc5  x0=0x00000000
        2545000	       249	00100300	86c5	c.srai	x13,0x11	 x13:0x00000380 x13=0x00000000
        2555000	       250	00100302	03b10963	beq	x2,x27,100334	  x2:0x00000000 x27:0xe183acdd
        2565000	       251	00100306	000ba033	slt	x0,x23,x0	 x23:0x00000002  x0:0x00000000  x0=0x00000000
        2575000	       252	0010030a	55fd	c.li	x11,-1	 x11=0xffffffff
        2585000	       253	0010030c	4e8e7893	andi	x17,x28,1256	 x28:0x00000006 x17=0x00000000
        2595000	       254	00100310	d7a97937	lui	x18,0xd7a97	 x18=0xd7a97000
        2605000	       255	00100314	01cb1293	slli	x5,x22,0x1c	 x22:0x0000000c  x5=0xc0000000
        2615000	       256	00100318	01a7ac33	slt	x24,x15,x26	 x15:0x00000000 x26:0xffffffff x24=0x00000000
        2645000	       259	0010031c	02d58cb3	mul	x25,x11,x13	 x11:0xffffffff x13:0x00000000 x25=0x00000000
        2655000	       260	00100320	8ad9	c.andi	x13,22	 x13:0x00000000 x13=0x00000000
        2665000	       261	00100322	cd7f8393	addi	x7,x31,-809	 x31:0x0010bc84  x7=0x0010b95b
        2675000	       262	00100326	00745633	srl	x12,x8,x7	  x8:0xfa1f4a0b  x7:0x0010b95b x12=0x0000001f
        2685000	       263	0010032a	004de463	bltu	x27,x4,100332	 x27:0xe183acdd  x4:0x00000000
        2695000	       264	0010032e	8e35	c.xor	x12,x13	 x12:0x0000001f x13:0x00000000 x12=0x0000001f
        2705000	       265	00100330	8ef5	c.and	x13,x13	 x13:0x00000000 x13:0x00000000 x13=0x00000000
        2715000	       266	00100332	717d	c.addi16sp	x2,-16	  x2:0x00000000  x2=0xfffffff0
        2725000	       267	00100334	896ad3b7	lui	x7,0x896ad	  x7=0x896ad000
        2735000	       268	00100338	58fd	c.li	x17,-1	 x17=0xffffffff
        2745000	       269	0010033a	8eb5	c.xor	x13,x13	 x13:0x00000000 x13:0x00000000 x13=0x00000000
        2755000	       270	0010033c	8e0e	c.mv	x28,x3	  x0:0x00000000  x3:0x09d89d89 x28=0x09d89d89
        2775000	       272	0010033e	01961d63	bne	x12,x25,100358	 x12:0x0000001f x25:0x00000000
        2795000	       274	00100358	01871993	slli	x19,x14,0x18	 x14:0xf88060a2 x19=0xa2000000
        2805000	       275	0010035c	8e8d	c.sub	x13,x11	 x13:0x00000000 x11:0xffffffff x13=0x00000001
        2815000	       276	0010035e	00558633	add	x12,x11,x5	 x11:0xffffffff  x5:0xc0000000 x12=0xbfffffff
        2855000	       280	00100362	02082633	mulhsu	x12,x16,x0	 x16:0xf3a1fbda  x0:0x00000000 x12=0x00000000
        2865000	       281	00100366	0042d993	srli	x19,x5,0x4	  x5:0xc0000000 x19=0x0c000000
        2875000	       282	0010036a	00e81993	slli	x19,x16,0xe	 x16:0xf3a1fbda x19=0x7ef68000
        2885000	       283	0010036e	0001	c.addi	x0,0	  x0:0x00000000  x0=0x00000000
        2895000	       284	00100370	ce91	c.beqz	x13,10038c	 x13:0x00000001
        2905000	       285	00100372	e3479a37	lui	x20,0xe3479	 x20=0xe3479000
        2915000	       286	00100376	0001	c.addi	x0,0	  x0:0x00000000  x0=0x00000000
        2925000	       287	00100378	87e80213	addi	x4,x16,-1922	 x16:0xf3a1fbda  x4=0xf3a1f458
        2935000	       288	0010037c	0001	c.addi	x0,0	  x0:0x00000000  x0=0x00000000
        2945000	       289	0010037e	23fe4317	auipc	x6,0x23fe4	  x6=0x240e437e
        2955000	       290	00100382	ddf90337	lui	x6,0xddf90	  x6=0xddf90000
        2965000	       291	00100386	c691	c.beqz	x13,100392	 x13:0x00000001
        2975000	       292	00100388	0b2cce13	xori	x28,x25,178	 x25:0x00000000 x28=0x000000b2
        2985000	       293	0010038c	80a9	c.srli	x9,0xa	  x9:0x00000000  x9=0x00000000
        3025000	       297	0010038e	03981db3	mulh	x27,x16,x25	 x16:0xf3a1fbda x25:0x00000000 x27=0x00000000
        3035000	       298	00100392	01f61a13	slli	x20,x12,0x1f	 x12:0x00000000 x20=0x00000000
        3045000	       299	00100396	557d	c.li	x10,-1	 x10=0xffffffff
        3055000	       300	00100398	0b6d	c.addi	x22,27	 x22:0x0000000c x22=0x00000027
        3065000	       301	0010039a	0194f9b3	and	x19,x9,x25	  x9:0x00000000 x25:0x00000000 x19=0x00000000
        3075000	       302	0010039e	01654b33	xor	x22,x10,x22	 x10:0xffffffff x22:0x00000027 x22=0xffffffd8
        3085000	       303	001003a2	01599db3	sll	x27,x19,x21	 x19:0x00000000 x21:0x00000000 x27=0x00000000
        3095000	       304	001003a6	034c6063	bltu	x24,x20,1003c6	 x24:0x00000000 x20:0x00000000
        3105000	       305	001003aa	418cd893	srai	x17,x25,0x18	 x25:0x00000000 x17=0x00000000
        3115000	       306	001003ae	82c5	c.srli	x13,0x11	 x13:0x00000001 x13=0x00000000
        3135000	       308	001003b0	00d31763	bne	x6,x13,1003be	  x6:0xddf90000 x13:0x00000000
        3195000	       314	001003be	03e9adb3	mulhsu	x27,x19,x30	 x19:0x00000000 x30:0x00106e64 x27=0x00000000
        3205000	       315	001003c2	d4622a93	slti	x21,x4,-698	  x4:0xf3a1f458 x21=0x00000001
        3575000	       352	001003c6	037accb3	div	x25,x21,x23	 x21:0x00000001 x23:0x00000002 x25=0x00000000
        3585000	       353	001003ca	102ac097	auipc	x1,0x102ac	  x1=0x103ac3ca
        3595000	       354	001003ce	012176b3	and	x13,x2,x18	  x2:0xfffffff0 x18:0xd7a97000 x13=0xd7a97000
        3605000	       355	001003d2	003b1513	slli	x10,x22,0x3	 x22:0xffffffd8 x10=0xfffffec0
        3615000	       356	001003d6	cadb04b7	lui	x9,0xcadb0	  x9=0xcadb0000
        3625000	       357	001003da	010bd8b3	srl	x17,x23,x16	 x23:0x00000002 x16:0xf3a1fbda x17=0x00000000
        3635000	       358	001003de	0294	c.addi4spn	x13,x2,320	 x13=0x00000130
        3645000	       359	001003e0	86dd	c.srai	x13,0x17	 x13:0x00000130 x13=0x00000000
        3685000	       363	001003e2	0323bb33	mulhu	x22,x7,x18	  x7:0x896ad000 x18:0xd7a97000 x22=0x73c3a852
        3695000	       364	001003e6	403dd793	srai	x15,x27,0x3	 x27:0x00000000 x15=0x00000000
        3705000	       365	001003ea	80d5	c.srli	x9,0x15	  x9:0xcadb0000  x9=0x00000656
        3715000	       366	001003ec	41bfde93	srai	x29,x31,0x1b	 x31:0x0010bc84 x29=0x00000000
        3725000	       367	001003f0	03b9ea63	bltu	x19,x27,100424	 x19:0x00000000 x27:0x00000000
        3735000	       368	001003f4	011c9433	sll	x8,x25,x17	 x25:0x00000000 x17:0x00000000  x8=0x00000000
        3745000	       369	001003f8	4e5d	c.li	x28,23	 x28=0x00000017
        3755000	       370	001003fa	01ca0e63	beq	x20,x28,100416	 x20:0x00000000 x28:0x00000017
        3765000	       371	001003fe	8ef5	c.and	x13,x13	 x13:0x00000000 x13:0x00000000 x13=0x00000000
        3775000	       372	00100400	6a51	c.lui	x20,0x14	 x20=0x00014000
        3785000	       373	00100402	9b3a3e13	sltiu	x28,x20,-1613	 x20:0x00014000 x28=0x00000001
        3795000	       374	00100406	dc32c293	xori	x5,x5,-573	  x5:0xc0000000  x5=0x3ffffdc3
        3805000	       375	0010040a	001b95b3	sll	x11,x23,x1	 x23:0x00000002  x1:0x103ac3ca x11=0x00000800
        3815000	       376	0010040e	986a	c.add	x16,x26	 x16:0xf3a1fbda x26:0xffffffff x16=0xf3a1fbd9
        3825000	       377	00100410	8471	c.srai	x8,0x1c	  x8:0x00000000  x8=0x00000000
        3835000	       378	00100412	0001	c.addi	x0,0	  x0:0x00000000  x0=0x00000000
        3845000	       379	00100414	0c09	c.addi	x24,2	 x24:0x00000000 x24=0x00000002
        3855000	       380	00100416	8ef5	c.and	x13,x13	 x13:0x00000000 x13:0x00000000 x13=0x00000000
        4225000	       417	00100418	02e44833	div	x16,x8,x14	  x8:0x00000000 x14:0xf88060a2 x16=0x00000000
        4235000	       418	0010041c	01415913	srli	x18,x2,0x14	  x2:0xfffffff0 x18=0x00000fff
        4245000	       419	00100420	007ec263	blt	x29,x7,100424	 x29:0x00000000  x7:0x896ad000
        4255000	       420	00100424	00938b33	add	x22,x7,x9	  x7:0x896ad000  x9:0x00000656 x22=0x896ad656
        4265000	       421	00100428	86a1	c.srai	x13,0x8	 x13:0x00000000 x13=0x00000000
        4275000	       422	0010042a	0ea1	c.addi	x29,8	 x29:0x00000000 x29=0x00000008
        4285000	       423	0010042c	0001	c.addi	x0,0	  x0:0x00000000  x0=0x00000000
        4305000	       425	0010042e	0303d5b3	divu	x11,x7,x16	  x7:0x896ad000 x16:0x00000000 x11=0xffffffff
        4315000	       426	00100432	d53d2293	slti	x5,x26,-685	 x26:0xffffffff  x5=0x00000000
        4325000	       427	00100436	117d	c.addi	x2,-1	  x2:0xfffffff0  x2=0xffffffef
        4335000	       428	00100438	405b51b3	sra	x3,x22,x5	 x22:0x896ad656  x5:0x00000000  x3=0x896ad656
        4345000	       429	0010043c	812d	c.srli	x10,0xb	 x10:0xfffffec0 x10=0x001fffff
        4365000	       431	0010043e	ce99	c.beqz	x13,10045c	 x13:0x00000000
        4385000	       433	0010045c	8ef5	c.and	x13,x13	 x13:0x00000000 x13:0x00000000 x13=0x00000000
        4395000	       434	0010045e	00000717	auipc	x14,0x0	 x14=0x0010045e
        4405000	       435	00100462	00c70713	addi	x14,x14,12	 x14:0x0010045e x14=0x0010046a
        4425000	       437	00100466	00070067	jalr	x0,0(x14)	 x14:0x0010046a  x0=0x00000000
        4435000	       438	0010046a	4185	c.li	x3,1	  x3=0x00000001
        4445000	       439	0010046c	00000073	ecall	
        4485000	       443	00100f00	0400006f	jal	x0,100f40	  x0=0x00000000
        4495000	       444	00100f40	340f1f73	csrrw	x30,mscratch,x30	 x30:0x00106e64 x30=0x00000000
        4505000	       445	00100f44	000f8f33	add	x30,x31,x0	 x31:0x0010bc84  x0:0x00000000 x30=0x0010bc84
        4515000	       446	00100f48	f84f0f13	addi	x30,x30,-124	 x30:0x0010bc84 x30=0x0010bc08
        4535000	       448	00100f4c	001f2223	sw	x1,4(x30)	 x30:0x0010bc08  x1:0x103ac3ca PA:0x0010bc0c store:0x103ac3ca
        4555000	       450	00100f50	002f2423	sw	x2,8(x30)	 x30:0x0010bc08  x2:0xffffffef PA:0x0010bc10 store:0xffffffef
        4575000	       452	00100f54	003f2623	sw	x3,12(x30)	 x30:0x0010bc08  x3:0x00000001 PA:0x0010bc14 store:0x00000001
        4595000	       454	00100f58	004f2823	sw	x4,16(x30)	 x30:0x0010bc08  x4:0xf3a1f458 PA:0x0010bc18 store:0xf3a1f458
        4615000	       456	00100f5c	005f2a23	sw	x5,20(x30)	 x30:0x0010bc08  x5:0x00000000 PA:0x0010bc1c store:0x00000000
        4635000	       458	00100f60	006f2c23	sw	x6,24(x30)	 x30:0x0010bc08  x6:0xddf90000 PA:0x0010bc20 store:0xddf90000
        4655000	       460	00100f64	007f2e23	sw	x7,28(x30)	 x30:0x0010bc08  x7:0x896ad000 PA:0x0010bc24 store:0x896ad000
        4675000	       462	00100f68	028f2023	sw	x8,32(x30)	 x30:0x0010bc08  x8:0x00000000 PA:0x0010bc28 store:0x00000000
        4695000	       464	00100f6c	029f2223	sw	x9,36(x30)	 x30:0x0010bc08  x9:0x00000656 PA:0x0010bc2c store:0x00000656
        4715000	       466	00100f70	02af2423	sw	x10,40(x30)	 x30:0x0010bc08 x10:0x001fffff PA:0x0010bc30 store:0x001fffff
        4735000	       468	00100f74	02bf2623	sw	x11,44(x30)	 x30:0x0010bc08 x11:0xffffffff PA:0x0010bc34 store:0xffffffff
        4755000	       470	00100f78	02cf2823	sw	x12,48(x30)	 x30:0x0010bc08 x12:0x00000000 PA:0x0010bc38 store:0x00000000
        4775000	       472	00100f7c	02df2a23	sw	x13,52(x30)	 x30:0x0010bc08 x13:0x00000000 PA:0x0010bc3c store:0x00000000
        4795000	       474	00100f80	02ef2c23	sw	x14,56(x30)	 x30:0x0010bc08 x14:0x0010046a PA:0x0010bc40 store:0x0010046a
        4815000	       476	00100f84	02ff2e23	sw	x15,60(x30)	 x30:0x0010bc08 x15:0x00000000 PA:0x0010bc44 store:0x00000000
        4835000	       478	00100f88	050f2023	sw	x16,64(x30)	 x30:0x0010bc08 x16:0x00000000 PA:0x0010bc48 store:0x00000000
        4855000	       480	00100f8c	051f2223	sw	x17,68(x30)	 x30:0x0010bc08 x17:0x00000000 PA:0x0010bc4c store:0x00000000
        4875000	       482	00100f90	052f2423	sw	x18,72(x30)	 x30:0x0010bc08 x18:0x00000fff PA:0x0010bc50 store:0x00000fff
        4895000	       484	00100f94	053f2623	sw	x19,76(x30)	 x30:0x0010bc08 x19:0x00000000 PA:0x0010bc54 store:0x00000000
        4915000	       486	00100f98	054f2823	sw	x20,80(x30)	 x30:0x0010bc08 x20:0x00014000 PA:0x0010bc58 store:0x00014000
        4935000	       488	00100f9c	055f2a23	sw	x21,84(x30)	 x30:0x0010bc08 x21:0x00000001 PA:0x0010bc5c store:0x00000001
        4955000	       490	00100fa0	056f2c23	sw	x22,88(x30)	 x30:0x0010bc08 x22:0x896ad656 PA:0x0010bc60 store:0x896ad656
        4975000	       492	00100fa4	057f2e23	sw	x23,92(x30)	 x30:0x0010bc08 x23:0x00000002 PA:0x0010bc64 store:0x00000002
        4995000	       494	00100fa8	078f2023	sw	x24,96(x30)	 x30:0x0010bc08 x24:0x00000002 PA:0x0010bc68 store:0x00000002
        5015000	       496	00100fac	079f2223	sw	x25,100(x30)	 x30:0x0010bc08 x25:0x00000000 PA:0x0010bc6c store:0x00000000
        5035000	       498	00100fb0	07af2423	sw	x26,104(x30)	 x30:0x0010bc08 x26:0xffffffff PA:0x0010bc70 store:0xffffffff
        5055000	       500	00100fb4	07bf2623	sw	x27,108(x30)	 x30:0x0010bc08 x27:0x00000000 PA:0x0010bc74 store:0x00000000
        5075000	       502	00100fb8	07cf2823	sw	x28,112(x30)	 x30:0x0010bc08 x28:0x00000001 PA:0x0010bc78 store:0x00000001
        5095000	       504	00100fbc	07df2a23	sw	x29,116(x30)	 x30:0x0010bc08 x29:0x00000008 PA:0x0010bc7c store:0x00000008
        5115000	       506	00100fc0	07ef2c23	sw	x30,120(x30)	 x30:0x0010bc08 x30:0x0010bc08 PA:0x0010bc80 store:0x0010bc08
        5135000	       508	00100fc4	07ff2e23	sw	x31,124(x30)	 x30:0x0010bc08 x31:0x0010bc84 PA:0x0010bc84 store:0x0010bc84
        5145000	       509	00100fc8	34102df3	csrrs	x27,mepc,x0	  x0:0x00000000 x27=0x0010046c
        5155000	       510	00100fcc	34202df3	csrrs	x27,mcause,x0	  x0:0x00000000 x27=0x0000000b
        5165000	       511	00100fd0	4b2d	c.li	x22,11	 x22=0x0000000b
        5185000	       513	00100fd2	016d8d63	beq	x27,x22,100fec	 x27:0x0000000b x22:0x0000000b
        5205000	       515	00100fec	fffffd97	auipc	x27,0xfffff	 x27=0x000fffec
        5215000	       516	00100ff0	114d8d93	addi	x27,x27,276	 x27:0x000fffec x27=0x00100100
        5235000	       518	00100ff4	000da023	sw	x0,0(x27)	 x27:0x00100100  x0:0x00000000 PA:0x00100100 store:0x00000000
        5255000	       520	00100ff8	001da223	sw	x1,4(x27)	 x27:0x00100100  x1:0x103ac3ca PA:0x00100104 store:0x103ac3ca
        5275000	       522	00100ffc	002da423	sw	x2,8(x27)	 x27:0x00100100  x2:0xffffffef PA:0x00100108 store:0xffffffef
        5295000	       524	00101000	003da623	sw	x3,12(x27)	 x27:0x00100100  x3:0x00000001 PA:0x0010010c store:0x00000001
        5315000	       526	00101004	004da823	sw	x4,16(x27)	 x27:0x00100100  x4:0xf3a1f458 PA:0x00100110 store:0xf3a1f458
        5335000	       528	00101008	005daa23	sw	x5,20(x27)	 x27:0x00100100  x5:0x00000000 PA:0x00100114 store:0x00000000
        5355000	       530	0010100c	006dac23	sw	x6,24(x27)	 x27:0x00100100  x6:0xddf90000 PA:0x00100118 store:0xddf90000
        5375000	       532	00101010	007dae23	sw	x7,28(x27)	 x27:0x00100100  x7:0x896ad000 PA:0x0010011c store:0x896ad000
        5395000	       534	00101014	028da023	sw	x8,32(x27)	 x27:0x00100100  x8:0x00000000 PA:0x00100120 store:0x00000000
        5415000	       536	00101018	029da223	sw	x9,36(x27)	 x27:0x00100100  x9:0x00000656 PA:0x00100124 store:0x00000656
        5435000	       538	0010101c	02ada423	sw	x10,40(x27)	 x27:0x00100100 x10:0x001fffff PA:0x00100128 store:0x001fffff
        5455000	       540	00101020	02bda623	sw	x11,44(x27)	 x27:0x00100100 x11:0xffffffff PA:0x0010012c store:0xffffffff
        5475000	       542	00101024	02cda823	sw	x12,48(x27)	 x27:0x00100100 x12:0x00000000 PA:0x00100130 store:0x00000000
        5495000	       544	00101028	02ddaa23	sw	x13,52(x27)	 x27:0x00100100 x13:0x00000000 PA:0x00100134 store:0x00000000
        5515000	       546	0010102c	02edac23	sw	x14,56(x27)	 x27:0x00100100 x14:0x0010046a PA:0x00100138 store:0x0010046a
        5535000	       548	00101030	02fdae23	sw	x15,60(x27)	 x27:0x00100100 x15:0x00000000 PA:0x0010013c store:0x00000000
        5555000	       550	00101034	050da023	sw	x16,64(x27)	 x27:0x00100100 x16:0x00000000 PA:0x00100140 store:0x00000000
        5575000	       552	00101038	051da223	sw	x17,68(x27)	 x27:0x00100100 x17:0x00000000 PA:0x00100144 store:0x00000000
        5595000	       554	0010103c	052da423	sw	x18,72(x27)	 x27:0x00100100 x18:0x00000fff PA:0x00100148 store:0x00000fff
        5615000	       556	00101040	053da623	sw	x19,76(x27)	 x27:0x00100100 x19:0x00000000 PA:0x0010014c store:0x00000000
        5635000	       558	00101044	054da823	sw	x20,80(x27)	 x27:0x00100100 x20:0x00014000 PA:0x00100150 store:0x00014000
        5655000	       560	00101048	055daa23	sw	x21,84(x27)	 x27:0x00100100 x21:0x00000001 PA:0x00100154 store:0x00000001
        5675000	       562	0010104c	056dac23	sw	x22,88(x27)	 x27:0x00100100 x22:0x0000000b PA:0x00100158 store:0x0000000b
        5695000	       564	00101050	057dae23	sw	x23,92(x27)	 x27:0x00100100 x23:0x00000002 PA:0x0010015c store:0x00000002
        5715000	       566	00101054	078da023	sw	x24,96(x27)	 x27:0x00100100 x24:0x00000002 PA:0x00100160 store:0x00000002
        5735000	       568	00101058	079da223	sw	x25,100(x27)	 x27:0x00100100 x25:0x00000000 PA:0x00100164 store:0x00000000
        5755000	       570	0010105c	07ada423	sw	x26,104(x27)	 x27:0x00100100 x26:0xffffffff PA:0x00100168 store:0xffffffff
        5775000	       572	00101060	07bda623	sw	x27,108(x27)	 x27:0x00100100 x27:0x00100100 PA:0x0010016c store:0x00100100
        5795000	       574	00101064	07cda823	sw	x28,112(x27)	 x27:0x00100100 x28:0x00000001 PA:0x00100170 store:0x00000001
        5815000	       576	00101068	07ddaa23	sw	x29,116(x27)	 x27:0x00100100 x29:0x00000008 PA:0x00100174 store:0x00000008
        5835000	       578	0010106c	07edac23	sw	x30,120(x27)	 x27:0x00100100 x30:0x0010bc08 PA:0x00100178 store:0x0010bc08
        5855000	       580	00101070	07fdae23	sw	x31,124(x27)	 x27:0x00100100 x31:0x0010bc84 PA:0x0010017c store:0x0010bc84
        5865000	       581	00101074	fffff717	auipc	x14,0xfffff	 x14=0x00100074
        5875000	       582	00101078	3fc70713	addi	x14,x14,1020	 x14:0x00100074 x14=0x00100470
        5895000	       584	0010107c	00070067	jalr	x0,0(x14)	 x14:0x00100470  x0=0x00000000
        5905000	       585	00100470	fff20f17	auipc	x30,0xfff20	 x30=0x00020470
